cargo :     Finished `test` profile [unoptimized + debuginfo] target(s) in 0.69s
At line:1 char:1
+ cargo test --lib 2>&1 | Out-File -FilePath D:\github\rs\ecgen-rs\test ...
+ ~~~~~~~~~~~~~~~~~~~~~
    + CategoryInfo          : NotSpecified: (    Finished `t...get(s) in 0.69s:String) [], RemoteException
    + FullyQualifiedErrorId : NativeCommandError

     Running unittests src\lib.rs (target\debug\deps\ecgen-fb7e2320090697e8.exe)

running 35 tests
test combin::tests::comb_test ... ok
test gray_code::tests::test_brgc ... ok
test logging::tests::test_is_logger_initialized ... ok
test logging::tests::test_try_init_logger_with_filter ... ok
test set_bipart::tests::test_set_bipart_odd ... ok
test combin::tests::test_emk_even_odd ... ok
test set_bipart::tests::test_set_bipart_even ... ok
test set_bipart::tests::test_set_bipart_special ... ok
test combin::tests::test_emk_odd_odd ... ok
test combin::tests::test_emk_odd_even ... ok
test combin::tests::test_emk_even_even ... ok
test set_partition::tests::test_set_partition_special ... ok
test tests::test_brgc ... ok
test logging::tests::test_try_init_logger ... ok
test perm::tests::test_ehr ... ok
test perm::tests::test_sjt ... ok
test tests::test_ehr ... ok
test tests::test_ehr_cycle ... ok
test tests::test_emk_k_is_1 ... ok
test tests::test_emk_k_is_n_minus_1 ... ok
test tests::test_set_bipart_gen_n3 ... ok
test tests::test_emk_odd_odd ... ok
test tests::test_set_bipart_even ... ok
test tests::test_set_bipart_special ... ok
test tests::test_set_partition_gen_n4_k3 ... ok
test tests::test_set_partition_special ... ok
test tests::test_sjt ... ok
test tests::test_sjt_cycle ... ok
test tests::test_emk_even_even ... ok
test tests::test_emk_even_odd ... ok
test tests::test_emk_odd_even ... ok
test set_partition::tests::test_set_partition_even_even ... ok
test set_partition::tests::test_set_partition_even_odd ... ok
test set_partition::tests::test_set_partition_odd_even ... ok
test set_partition::tests::test_set_partition_odd_odd ... ok

test result: ok. 35 passed; 0 failed; 0 ignored; 0 measured; 0 filtered out; finished in 2.36s

